> Task :app:preBuild UP-TO-DATE
> Task :app:preDebugBuild UP-TO-DATE
> Task :app:generateDebugResources UP-TO-DATE
> Task :app:packageDebugResources UP-TO-DATE
> Task :app:processDebugNavigationResources UP-TO-DATE
> Task :app:parseDebugLocalResources UP-TO-DATE
> Task :app:generateDebugRFile UP-TO-DATE

> Task :app:compileDebugKotlin FAILED
e: file:///home/apdy/AndroidStudioProjects/LAN/app/src/main/java/bi/lan/lan/presentation/components/Components.kt:8:34 Unresolved reference 'icons'.
e: file:///home/apdy/AndroidStudioProjects/LAN/app/src/main/java/bi/lan/lan/presentation/components/Components.kt:9:34 Unresolved reference 'icons'.
e: file:///home/apdy/AndroidStudioProjects/LAN/app/src/main/java/bi/lan/lan/presentation/components/Components.kt:10:34 Unresolved reference 'icons'.
e: file:///home/apdy/AndroidStudioProjects/LAN/app/src/main/java/bi/lan/lan/presentation/components/Components.kt:11:34 Unresolved reference 'icons'.
e: file:///home/apdy/AndroidStudioProjects/LAN/app/src/main/java/bi/lan/lan/presentation/components/Components.kt:39:22 Unresolved reference 'Icons'.
e: file:///home/apdy/AndroidStudioProjects/LAN/app/src/main/java/bi/lan/lan/presentation/components/Components.kt:72:31 Unresolved reference 'Icons'.
e: file:///home/apdy/AndroidStudioProjects/LAN/app/src/main/java/bi/lan/lan/presentation/components/Components.kt:72:63 Unresolved reference 'Icons'.
e: file:///home/apdy/AndroidStudioProjects/LAN/app/src/main/java/bi/lan/lan/presentation/screens/home/HomeScreen.kt:4:34 Unresolved reference 'icons'.
e: file:///home/apdy/AndroidStudioProjects/LAN/app/src/main/java/bi/lan/lan/presentation/screens/home/HomeScreen.kt:5:34 Unresolved reference 'icons'.
e: file:///home/apdy/AndroidStudioProjects/LAN/app/src/main/java/bi/lan/lan/presentation/screens/home/HomeScreen.kt:6:34 Unresolved reference 'icons'.
e: file:///home/apdy/AndroidStudioProjects/LAN/app/src/main/java/bi/lan/lan/presentation/screens/home/HomeScreen.kt:7:34 Unresolved reference 'icons'.
e: file:///home/apdy/AndroidStudioProjects/LAN/app/src/main/java/bi/lan/lan/presentation/screens/home/HomeScreen.kt:8:34 Unresolved reference 'icons'.
e: file:///home/apdy/AndroidStudioProjects/LAN/app/src/main/java/bi/lan/lan/presentation/screens/home/HomeScreen.kt:39:30 Unresolved reference 'Icons'.
e: file:///home/apdy/AndroidStudioProjects/LAN/app/src/main/java/bi/lan/lan/presentation/screens/home/HomeScreen.kt:63:50 Unresolved reference 'Icons'.
e: file:///home/apdy/AndroidStudioProjects/LAN/app/src/main/java/bi/lan/lan/presentation/screens/home/HomeScreen.kt:64:50 Unresolved reference 'Icons'.
e: file:///home/apdy/AndroidStudioProjects/LAN/app/src/main/java/bi/lan/lan/presentation/screens/home/HomeScreen.kt:65:50 Unresolved reference 'Icons'.

FAILURE: Build failed with an exception.

* What went wrong:
Execution failed for task ':app:compileDebugKotlin'.
> A failure occurred while executing org.jetbrains.kotlin.compilerRunner.GradleCompilerRunnerWithWorkers$GradleKotlinCompilerWorkAction
   > Compilation error. See log for more details

* Try:
> Run with --stacktrace option to get the stack trace.
> Run with --info or --debug option to get more log output.
> Run with --scan to get full insights from a Build Scan (powered by Develocity).
> Get more help at https://help.gradle.org.

BUILD FAILED in 11s
6 actionable tasks: 1 executed, 5 up-to-date
